<div class="sourceCode"><pre class="sourceCode"><code class="sourceCode">#lang racket
(<span class="kw">define</span><span class="fu"> block-strings</span>
  (<span class="kw">list</span> <span class="st">&quot;BO&quot;</span> <span class="st">&quot;XK&quot;</span> <span class="st">&quot;DQ&quot;</span> <span class="st">&quot;CP&quot;</span> <span class="st">&quot;NA&quot;</span>
        <span class="st">&quot;GT&quot;</span> <span class="st">&quot;RE&quot;</span> <span class="st">&quot;TG&quot;</span> <span class="st">&quot;QD&quot;</span> <span class="st">&quot;FS&quot;</span>
        <span class="st">&quot;JW&quot;</span> <span class="st">&quot;HU&quot;</span> <span class="st">&quot;VI&quot;</span> <span class="st">&quot;AN&quot;</span> <span class="st">&quot;OB&quot;</span>
        <span class="st">&quot;ER&quot;</span> <span class="st">&quot;FS&quot;</span> <span class="st">&quot;LY&quot;</span> <span class="st">&quot;PC&quot;</span> <span class="st">&quot;ZM&quot;</span>))
(<span class="kw">define</span><span class="fu"> BLOCKS </span>(map <span class="kw">string-&gt;list</span> block-strings))

(<span class="kw">define</span><span class="fu"> </span>(can-make-word? w)
  (<span class="kw">define</span><span class="fu"> </span>(usable-block blocks word-char)
    (for/first ((b (in-list blocks)) #:when (memf (curry <span class="kw">char-ci=?</span> word-char) b)) b))
  
  (<span class="kw">define</span><span class="fu"> </span>(inner word-chars blocks tried-blocks)
    (<span class="kw">cond</span>
      [(<span class="kw">null?</span> word-chars) <span class="dv">#t</span>]
      [(usable-block blocks (<span class="kw">car</span> word-chars))
       <span class="kw">=&gt;</span>
       (<span class="kw">lambda</span> (b)
         (<span class="kw">or</span>
          (inner (<span class="kw">cdr</span> word-chars) (<span class="kw">append</span> tried-blocks (remove b blocks)) null)
          (inner word-chars (remove b blocks) (<span class="kw">cons</span> b tried-blocks))))]
      [<span class="kw">else</span> <span class="dv">#f</span>]))
  (inner (<span class="kw">string-&gt;list</span> w) BLOCKS null))

(<span class="kw">define</span><span class="fu"> WORD-LIST </span>&#39;(<span class="st">&quot;&quot;</span> <span class="st">&quot;A&quot;</span> <span class="st">&quot;BARK&quot;</span> <span class="st">&quot;BOOK&quot;</span> <span class="st">&quot;TREAT&quot;</span> <span class="st">&quot;COMMON&quot;</span> <span class="st">&quot;SQUAD&quot;</span> <span class="st">&quot;CONFUSE&quot;</span>))
(<span class="kw">define</span><span class="fu"> </span>(report-word w)
  (printf <span class="st">&quot;Can we make: ~a? ~a~%&quot;</span>
          (~s w #:min-width <span class="dv">9</span>)
          (<span class="kw">if</span> (can-make-word? w) <span class="st">&quot;yes&quot;</span> <span class="st">&quot;no&quot;</span>)))

(module+ main
  (<span class="kw">for-each</span> report-word WORD-LIST))  

(module+ test
  (require rackunit)
  (check-true  (can-make-word? <span class="st">&quot;&quot;</span>))
  (check-true  (can-make-word? <span class="st">&quot;A&quot;</span>))
  (check-true  (can-make-word? <span class="st">&quot;BARK&quot;</span>))
  (check-false (can-make-word? <span class="st">&quot;BOOK&quot;</span>))
  (check-true  (can-make-word? <span class="st">&quot;TREAT&quot;</span>))
  (check-false (can-make-word? <span class="st">&quot;COMMON&quot;</span>))
  (check-true  (can-make-word? <span class="st">&quot;SQUAD&quot;</span>))
  (check-true  (can-make-word? <span class="st">&quot;CONFUSE&quot;</span>)))</code></pre></div>
