<div class="sourceCode"><pre class="sourceCode"><code class="sourceCode">
<span class="kw">&lt;?php</span>
<span class="kw">$words</span> = <span class="fu">array</span><span class="ot">(</span><span class="st">&quot;A&quot;</span><span class="ot">,</span> <span class="st">&quot;BARK&quot;</span><span class="ot">,</span> <span class="st">&quot;BOOK&quot;</span><span class="ot">,</span> <span class="st">&quot;TREAT&quot;</span><span class="ot">,</span> <span class="st">&quot;COMMON&quot;</span><span class="ot">,</span> <span class="st">&quot;SQUAD&quot;</span><span class="ot">,</span> <span class="st">&quot;Confuse&quot;</span><span class="ot">);</span>

<span class="kw">function</span> canMakeWord<span class="ot">(</span><span class="kw">$word</span><span class="ot">)</span> {
    <span class="kw">$word</span> = <span class="fu">strtoupper</span><span class="ot">(</span><span class="kw">$word</span><span class="ot">);</span>
    <span class="kw">$blocks</span> = <span class="fu">array</span><span class="ot">(</span>
            <span class="st">&quot;BO&quot;</span><span class="ot">,</span> <span class="st">&quot;XK&quot;</span><span class="ot">,</span> <span class="st">&quot;DQ&quot;</span><span class="ot">,</span> <span class="st">&quot;CP&quot;</span><span class="ot">,</span> <span class="st">&quot;NA&quot;</span><span class="ot">,</span>
            <span class="st">&quot;GT&quot;</span><span class="ot">,</span> <span class="st">&quot;RE&quot;</span><span class="ot">,</span> <span class="st">&quot;TG&quot;</span><span class="ot">,</span> <span class="st">&quot;QD&quot;</span><span class="ot">,</span> <span class="st">&quot;FS&quot;</span><span class="ot">,</span>
            <span class="st">&quot;JW&quot;</span><span class="ot">,</span> <span class="st">&quot;HU&quot;</span><span class="ot">,</span> <span class="st">&quot;VI&quot;</span><span class="ot">,</span> <span class="st">&quot;AN&quot;</span><span class="ot">,</span> <span class="st">&quot;OB&quot;</span><span class="ot">,</span>
            <span class="st">&quot;ER&quot;</span><span class="ot">,</span> <span class="st">&quot;FS&quot;</span><span class="ot">,</span> <span class="st">&quot;LY&quot;</span><span class="ot">,</span> <span class="st">&quot;PC&quot;</span><span class="ot">,</span> <span class="st">&quot;ZM&quot;</span><span class="ot">,</span>
    <span class="ot">);</span>

    <span class="kw">foreach</span> <span class="ot">(</span><span class="fu">str_split</span><span class="ot">(</span><span class="kw">$word</span><span class="ot">)</span> <span class="kw">as</span> <span class="kw">$char</span><span class="ot">)</span> {
        <span class="kw">foreach</span> <span class="ot">(</span><span class="kw">$blocks</span> <span class="kw">as</span> <span class="kw">$k</span> =&gt; <span class="kw">$block</span><span class="ot">)</span> {
            <span class="kw">if</span> <span class="ot">(</span><span class="fu">strpos</span><span class="ot">(</span><span class="kw">$block</span><span class="ot">,</span> <span class="kw">$char</span><span class="ot">)</span> !== <span class="kw">FALSE</span><span class="ot">)</span> {
                <span class="fu">unset</span><span class="ot">(</span><span class="kw">$blocks</span><span class="ot">[</span><span class="kw">$k</span><span class="ot">]);</span>
                <span class="kw">continue</span><span class="ot">(</span><span class="dv">2</span><span class="ot">);</span>
            }
        }
        <span class="kw">return</span> <span class="kw">false</span><span class="ot">;</span>
    }
    <span class="kw">return</span> <span class="kw">true</span><span class="ot">;</span>
}

<span class="kw">foreach</span> <span class="ot">(</span><span class="kw">$words</span> <span class="kw">as</span> <span class="kw">$word</span><span class="ot">)</span> {
    <span class="fu">echo</span> <span class="kw">$word</span>.<span class="st">&#39;: &#39;</span><span class="ot">;</span>
    <span class="fu">echo</span> canMakeWord<span class="ot">(</span><span class="kw">$word</span><span class="ot">)</span> <span class="ot">?</span> <span class="st">&quot;True&quot;</span> <span class="ot">:</span> <span class="st">&quot;False&quot;</span><span class="ot">;</span>
    <span class="fu">echo</span> <span class="st">&quot;</span><span class="kw">\r\n</span><span class="st">&quot;</span><span class="ot">;</span>
}</code></pre></div>
