<div class="sourceCode"><pre class="sourceCode"><code class="sourceCode"><span class="kw">package</span> <span class="ot">require</span> Tcl <span class="fl">8.6</span>

<span class="kw">proc</span> abc <span class="kw">{</span>word <span class="kw">{</span>blocks <span class="kw">{</span>BO XK DQ CP NA GT RE TG QD FS JW HU VI AN OB ER FS LY PC ZM<span class="kw">}}}</span> <span class="kw">{</span>
    <span class="kw">set</span> abc <span class="kw">{{</span>letters blocks abc<span class="kw">}</span> <span class="kw">{</span>
        <span class="kw">set</span> rest <span class="kw">[lassign</span> <span class="dt">$letters</span> ch<span class="kw">]</span>
        <span class="kw">set</span> i <span class="dv">0</span>
        <span class="kw">foreach</span> blk <span class="dt">$blocks</span> <span class="kw">{</span>
            <span class="kw">if</span> <span class="kw">{</span><span class="dt">$ch</span> in <span class="dt">$blk</span> &amp;&amp; (!<span class="kw">[llength</span> <span class="dt">$rest</span><span class="kw">]</span>
                    || <span class="kw">[</span>apply <span class="dt">$abc</span> <span class="dt">$rest</span> <span class="kw">[lreplace</span> <span class="dt">$blocks</span> <span class="dt">$i</span> <span class="dt">$i</span><span class="kw">]</span> <span class="dt">$abc</span><span class="kw">]</span>)<span class="kw">}</span> <span class="kw">{</span>
                <span class="kw">return</span> true
            <span class="kw">}</span>
            <span class="kw">incr</span> i
        <span class="kw">}</span>
        <span class="kw">return</span> false
    <span class="kw">}}</span>
    <span class="kw">return</span> <span class="kw">[</span>apply <span class="dt">$abc</span> <span class="kw">[split</span> <span class="dt">$word</span> <span class="st">&quot;&quot;</span><span class="kw">]</span> <span class="kw">[</span>lmap b <span class="dt">$blocks</span> <span class="kw">{split</span> <span class="dt">$b</span> <span class="st">&quot;&quot;</span><span class="kw">}]</span> <span class="dt">$abc</span><span class="kw">]</span>
<span class="kw">}</span>

<span class="kw">foreach</span> word <span class="kw">{</span><span class="st">&quot;&quot;</span> A BARK BOOK TREAT COMMON SQUAD CONFUSE<span class="kw">}</span> <span class="kw">{</span>
    <span class="kw">puts</span> <span class="kw">[format</span> <span class="st">&quot;Can we spell %9s? %s&quot;</span> &#39;<span class="dt">$word</span>&#39; <span class="kw">[</span>abc <span class="dt">$word</span><span class="kw">]]</span>
<span class="kw">}</span></code></pre></div>
