<div class="sourceCode"><pre class="sourceCode"><code class="sourceCode"><span class="kw">object</span> AbcBlocks <span class="kw">extends</span> App {

  <span class="kw">protected</span> <span class="kw">class</span> <span class="fu">Block</span>(face1: Char, face2: Char) {

    <span class="kw">def</span> <span class="fu">isFacedWith</span>(that: Char) = { that == face1 || that == face2 }
    <span class="kw">override</span> <span class="kw">def</span> <span class="fu">toString</span>() = face1.<span class="fu">toString</span> + face2
  }
  <span class="kw">protected</span> <span class="kw">object</span> Block {
    <span class="kw">def</span> <span class="fu">apply</span>(faces: String) = <span class="kw">new</span> <span class="fu">Block</span>(faces.<span class="fu">head</span>, faces.<span class="fu">last</span>)
  }

  <span class="kw">type</span> word = Seq[Block]

  <span class="kw">private</span> <span class="kw">val</span> blocks = List(<span class="fu">Block</span>(<span class="st">&quot;BO&quot;</span>), <span class="fu">Block</span>(<span class="st">&quot;XK&quot;</span>), <span class="fu">Block</span>(<span class="st">&quot;DQ&quot;</span>), <span class="fu">Block</span>(<span class="st">&quot;CP&quot;</span>), <span class="fu">Block</span>(<span class="st">&quot;NA&quot;</span>),
    <span class="fu">Block</span>(<span class="st">&quot;GT&quot;</span>), <span class="fu">Block</span>(<span class="st">&quot;RE&quot;</span>), <span class="fu">Block</span>(<span class="st">&quot;TG&quot;</span>), <span class="fu">Block</span>(<span class="st">&quot;QD&quot;</span>), <span class="fu">Block</span>(<span class="st">&quot;FS&quot;</span>),
    <span class="fu">Block</span>(<span class="st">&quot;JW&quot;</span>), <span class="fu">Block</span>(<span class="st">&quot;HU&quot;</span>), <span class="fu">Block</span>(<span class="st">&quot;VI&quot;</span>), <span class="fu">Block</span>(<span class="st">&quot;AN&quot;</span>), <span class="fu">Block</span>(<span class="st">&quot;OB&quot;</span>),
    <span class="fu">Block</span>(<span class="st">&quot;ER&quot;</span>), <span class="fu">Block</span>(<span class="st">&quot;FS&quot;</span>), <span class="fu">Block</span>(<span class="st">&quot;LY&quot;</span>), <span class="fu">Block</span>(<span class="st">&quot;PC&quot;</span>), <span class="fu">Block</span>(<span class="st">&quot;ZM&quot;</span>))

  <span class="kw">private</span> <span class="kw">def</span> <span class="fu">isMakeable</span>(word: String, blocks: word) = {

    <span class="kw">def</span> <span class="fu">getTheBlocks</span>(word: String, blocks: word) = {

      <span class="kw">def</span> <span class="fu">inner</span>(word: String, toCompare: word, rest: word, accu: word): word = {
        <span class="kw">if</span> (word.<span class="fu">isEmpty</span> || rest.<span class="fu">isEmpty</span> || toCompare.<span class="fu">isEmpty</span>) accu
        <span class="kw">else</span> <span class="kw">if</span> (toCompare.<span class="fu">head</span>.<span class="fu">isFacedWith</span>(word.<span class="fu">head</span>)) {
          <span class="kw">val</span> restant = rest diff List(toCompare.<span class="fu">head</span>)
          <span class="fu">inner</span>(word.<span class="fu">tail</span>, restant, restant, accu :+ toCompare.<span class="fu">head</span>)
        } <span class="kw">else</span> <span class="fu">inner</span>(word, toCompare.<span class="fu">tail</span>, rest, accu)
      }
      <span class="fu">inner</span>(word, blocks, blocks, Nil)
    }

    word.<span class="fu">lengthCompare</span>(<span class="fu">getTheBlocks</span>(word, blocks).<span class="fu">size</span>) == <span class="dv">0</span>
  }

  <span class="kw">val</span> words = List(<span class="st">&quot;A&quot;</span>, <span class="st">&quot;BARK&quot;</span>, <span class="st">&quot;BOOK&quot;</span>, <span class="st">&quot;TREAT&quot;</span>, <span class="st">&quot;COMMON&quot;</span>, <span class="st">&quot;SQUAD&quot;</span>, <span class="st">&quot;CONFUSED&quot;</span>, <span class="st">&quot;ANBOCPDQERSFTGUVWXLZ&quot;</span>)
  <span class="co">// Automatic tests</span>
  <span class="fu">assert</span>(<span class="fu">isMakeable</span>(<span class="fu">words</span>(<span class="dv">0</span>), blocks))
  <span class="fu">assert</span>(<span class="fu">isMakeable</span>(<span class="fu">words</span>(<span class="dv">1</span>), blocks))
  <span class="fu">assert</span>(!<span class="fu">isMakeable</span>(<span class="fu">words</span>(<span class="dv">2</span>), blocks)) <span class="co">// BOOK not</span>
  <span class="fu">assert</span>(<span class="fu">isMakeable</span>(<span class="fu">words</span>(<span class="dv">3</span>), blocks))
  <span class="fu">assert</span>(!<span class="fu">isMakeable</span>(<span class="fu">words</span>(<span class="dv">4</span>), blocks)) <span class="co">// COMMON not</span>
  <span class="fu">assert</span>(<span class="fu">isMakeable</span>(<span class="fu">words</span>(<span class="dv">5</span>), blocks))
  <span class="fu">assert</span>(<span class="fu">isMakeable</span>(<span class="fu">words</span>(<span class="dv">6</span>), blocks))
  <span class="fu">assert</span>(<span class="fu">isMakeable</span>(<span class="fu">words</span>(<span class="dv">7</span>), blocks))

  <span class="co">//words(7).mkString.permutations.foreach(s =&gt; assert(isMakeable(s, blocks)))</span>

  words.<span class="fu">foreach</span>(w =&gt; <span class="fu">println</span>(s<span class="st">&quot;$w can${if (isMakeable(w, blocks)) &quot;</span> <span class="st">&quot; else &quot;</span>not <span class="st">&quot;}be made.&quot;</span>))
}</code></pre></div>
