<div class="sourceCode"><pre class="sourceCode"><code class="sourceCode"><span class="kw">module</span> Reals <span class="kw">where</span>

  <span class="co">-- (a set with properties of) the reals</span>
  <span class="kw">data</span> ℝ <span class="ot">:</span> <span class="dt">Set</span> <span class="kw">where</span>
    r0 <span class="ot">:</span> ℝ
    r1 <span class="ot">:</span> ℝ
    <span class="ot">_</span>+<span class="ot">_</span> <span class="ot">:</span> ℝ <span class="ot">→</span> ℝ <span class="ot">→</span> ℝ

  <span class="co">-- equality</span>
  <span class="kw">data</span> <span class="ot">_</span>==<span class="ot">_</span> <span class="ot">:</span> ℝ <span class="ot">→</span> ℝ <span class="ot">→</span> <span class="dt">Set</span> <span class="kw">where</span>
    AXrefl== <span class="ot">:</span> <span class="ot">∀</span> <span class="ot">{</span>r<span class="ot">}</span> <span class="ot">→</span> r == r
    AXsymm== <span class="ot">:</span> <span class="ot">∀</span> <span class="ot">{</span>r s<span class="ot">}</span> <span class="ot">→</span> r == s <span class="ot">→</span> s == r
    AXtrans== <span class="ot">:</span> <span class="ot">∀</span> <span class="ot">{</span>r s t<span class="ot">}</span> <span class="ot">→</span> r == s <span class="ot">→</span> s == t <span class="ot">→</span> r == t
    AX+0 <span class="ot">:</span> <span class="ot">∀</span> <span class="ot">{</span>r<span class="ot">}</span> <span class="ot">→</span> <span class="ot">(</span>r + r0<span class="ot">)</span> == r
    AXsymm+ <span class="ot">:</span> <span class="ot">∀</span> <span class="ot">{</span>r s<span class="ot">}</span> <span class="ot">→</span> <span class="ot">(</span>r + s<span class="ot">)</span> == <span class="ot">(</span>s + r<span class="ot">)</span>
    AX+== <span class="ot">:</span> <span class="ot">∀</span> <span class="ot">{</span>r s t<span class="ot">}</span> <span class="ot">→</span> r == s <span class="ot">→</span> <span class="ot">(</span>r + t<span class="ot">)</span> == <span class="ot">(</span>s + t<span class="ot">)</span>

  THM0+ <span class="ot">:</span> <span class="ot">{</span>r <span class="ot">:</span> ℝ<span class="ot">}</span> <span class="ot">→</span> r == <span class="ot">(</span>r0 + r<span class="ot">)</span>
  THM0+ <span class="ot">=</span> AXsymm== <span class="ot">(</span>AXtrans== AXsymm+ AX+0<span class="ot">)</span>
  <span class="co">-- AXsymm+ AX+0   r0 + r == r + r0 and r + r0 == r</span>
  <span class="co">-- AXtrans==      so r0 + r == r</span>
  <span class="co">-- AXsymm==       so r == r0 + r</span>

  THM0+alt <span class="ot">:</span> <span class="ot">{</span>r <span class="ot">:</span> ℝ<span class="ot">}</span> <span class="ot">→</span> r == <span class="ot">(</span>r0 + r<span class="ot">)</span>
  THM0+alt <span class="ot">{</span>r<span class="ot">}</span> <span class="ot">=</span> AXsymm== <span class="ot">{</span>r0 + r<span class="ot">}</span> <span class="ot">{</span>r<span class="ot">}</span> <span class="ot">((</span>AXtrans== <span class="ot">{</span>r0 + r<span class="ot">}</span> <span class="ot">{</span>r + r0<span class="ot">}</span> <span class="ot">{</span>r<span class="ot">})</span> <span class="ot">(</span>AXsymm+ <span class="ot">{</span>r0<span class="ot">}</span> <span class="ot">{</span>r<span class="ot">})</span> <span class="ot">(</span>AX+0 <span class="ot">{</span>r<span class="ot">}))</span>

  <span class="co">-- strict partial ordering</span>
  <span class="kw">data</span> <span class="ot">_</span>&lt;<span class="ot">_</span> <span class="ot">:</span> ℝ <span class="ot">→</span> ℝ <span class="ot">→</span> <span class="dt">Set</span> <span class="kw">where</span>
    AXtrans&lt;&lt;&lt; <span class="ot">:</span> <span class="ot">∀</span> <span class="ot">{</span>r s t<span class="ot">}</span> <span class="ot">→</span> r &lt; s <span class="ot">→</span> s &lt; t <span class="ot">→</span> r &lt; t
    AX&lt;=&lt; <span class="ot">:</span> <span class="ot">∀</span> <span class="ot">{</span>r s t<span class="ot">}</span> <span class="ot">→</span> r &lt; s <span class="ot">→</span> s == t <span class="ot">→</span> r &lt; t
    AX=&lt;&lt; <span class="ot">:</span> <span class="ot">∀</span> <span class="ot">{</span>r s t<span class="ot">}</span> <span class="ot">→</span> r == s <span class="ot">→</span> s &lt; t <span class="ot">→</span> r &lt; t
    AX0&lt;1 <span class="ot">:</span> r0 &lt; r1
    AX+&lt;&lt; <span class="ot">:</span> <span class="ot">∀</span> <span class="ot">{</span>r s t<span class="ot">}</span> <span class="ot">→</span> r &lt; s <span class="ot">→</span> <span class="ot">(</span>r + t<span class="ot">)</span> &lt; <span class="ot">(</span>s + t<span class="ot">)</span>

  THM&lt;+1 <span class="ot">:</span> <span class="ot">{</span>r <span class="ot">:</span> ℝ<span class="ot">}</span> <span class="ot">→</span> r &lt; <span class="ot">(</span>r + r1<span class="ot">)</span>
  THM&lt;+1 <span class="ot">=</span> AX&lt;=&lt; <span class="ot">(</span>AX=&lt;&lt; THM0+ <span class="ot">(</span>AX+&lt;&lt; AX0&lt;1<span class="ot">))</span> AXsymm+
  <span class="co">-- AX0&lt;1              0 &lt; 1</span>
  <span class="co">-- AX&lt;+ %             so 0 + r &lt; 1 + r</span>
  <span class="co">-- AX=&lt;&lt; lem0+ %      so r &lt; 1 + r</span>
  <span class="co">-- AX&lt;=&lt; % AXsymm+    so r &lt; r + 1</span></code></pre></div>
