<div class="sourceCode"><pre class="sourceCode"><code class="sourceCode"><span class="kw">let</span> blocks = [
  (<span class="ch">&#39;B&#39;</span>, <span class="ch">&#39;O&#39;</span>);  (<span class="ch">&#39;X&#39;</span>, <span class="ch">&#39;K&#39;</span>);  (<span class="ch">&#39;D&#39;</span>, <span class="ch">&#39;Q&#39;</span>);  (<span class="ch">&#39;C&#39;</span>, <span class="ch">&#39;P&#39;</span>);
  (<span class="ch">&#39;N&#39;</span>, <span class="ch">&#39;A&#39;</span>);  (<span class="ch">&#39;G&#39;</span>, <span class="ch">&#39;T&#39;</span>);  (<span class="ch">&#39;R&#39;</span>, <span class="ch">&#39;E&#39;</span>);  (<span class="ch">&#39;T&#39;</span>, <span class="ch">&#39;G&#39;</span>);
  (<span class="ch">&#39;Q&#39;</span>, <span class="ch">&#39;D&#39;</span>);  (<span class="ch">&#39;F&#39;</span>, <span class="ch">&#39;S&#39;</span>);  (<span class="ch">&#39;J&#39;</span>, <span class="ch">&#39;W&#39;</span>);  (<span class="ch">&#39;H&#39;</span>, <span class="ch">&#39;U&#39;</span>);
  (<span class="ch">&#39;V&#39;</span>, <span class="ch">&#39;I&#39;</span>);  (<span class="ch">&#39;A&#39;</span>, <span class="ch">&#39;N&#39;</span>);  (<span class="ch">&#39;O&#39;</span>, <span class="ch">&#39;B&#39;</span>);  (<span class="ch">&#39;E&#39;</span>, <span class="ch">&#39;R&#39;</span>);
  (<span class="ch">&#39;F&#39;</span>, <span class="ch">&#39;S&#39;</span>);  (<span class="ch">&#39;L&#39;</span>, <span class="ch">&#39;Y&#39;</span>);  (<span class="ch">&#39;P&#39;</span>, <span class="ch">&#39;C&#39;</span>);  (<span class="ch">&#39;Z&#39;</span>, <span class="ch">&#39;M&#39;</span>);
]

<span class="kw">let</span> find_letter blocks c =
  <span class="kw">let</span> found, remaining =
    <span class="dt">List</span>.partition (<span class="kw">fun</span> (c1, c2) -&gt; c1 = c || c2 = c) blocks
  <span class="kw">in</span>
  <span class="kw">match</span> found <span class="kw">with</span>
  | _ :: res -&gt; <span class="dt">Some</span> (res @ remaining)
  | _ -&gt; <span class="dt">None</span>

<span class="kw">let</span> can_make_word w =
  <span class="kw">let</span> n = <span class="dt">String</span>.length w <span class="kw">in</span>
  <span class="kw">let</span> <span class="kw">rec</span> aux i _blocks =
    <span class="kw">if</span> i &gt;= n <span class="kw">then</span> <span class="kw">true</span> <span class="kw">else</span>
      <span class="kw">match</span> find_letter _blocks w.[i] <span class="kw">with</span>
      | <span class="dt">None</span> -&gt; <span class="kw">false</span>
      | <span class="dt">Some</span> rem_blocks -&gt;
          aux (<span class="dt">succ</span> i) rem_blocks
  <span class="kw">in</span>
  aux <span class="dv">0</span> blocks

<span class="kw">let</span> test label f (word, should) =
  <span class="dt">Printf</span>.printf <span class="st">&quot;- %s %S = %B  (should: %B)</span><span class="ch">\n</span><span class="st">&quot;</span> label word (f word) should

<span class="kw">let</span> () =
  <span class="dt">List</span>.iter (test <span class="st">&quot;can make word&quot;</span> can_make_word) [
    <span class="st">&quot;A&quot;</span>, <span class="kw">true</span>;
    <span class="st">&quot;BARK&quot;</span>, <span class="kw">true</span>;
    <span class="st">&quot;BOOK&quot;</span>, <span class="kw">false</span>;
    <span class="st">&quot;TREAT&quot;</span>, <span class="kw">true</span>;
    <span class="st">&quot;COMMON&quot;</span>, <span class="kw">false</span>;
    <span class="st">&quot;SQUAD&quot;</span>, <span class="kw">true</span>;
    <span class="st">&quot;CONFUSE&quot;</span>, <span class="kw">true</span>;
  ]</code></pre></div>
