<div class="sourceCode"><pre class="sourceCode"><code class="sourceCode"><span class="kw" title="KeywordTok">import</span><span class="im" title="ImportTok"> java.util.Arrays;</span>

<span class="kw" title="KeywordTok">public</span> <span class="kw" title="KeywordTok">class</span> ABC{
        <span class="kw" title="KeywordTok">private</span> <span class="dt" title="DataTypeTok">static</span> <span class="dt" title="DataTypeTok">void</span> <span class="fu" title="FunctionTok">swap</span>(<span class="dt" title="DataTypeTok">int</span> i, <span class="dt" title="DataTypeTok">int</span> j, <span class="bu" title="BuiltInTok">Object</span><span class="kw" title="KeywordTok">... </span>arr){
                <span class="bu" title="BuiltInTok">Object</span> tmp = arr[i];
                arr[i] = arr[j];
                arr[j] = tmp;
        }
        
        <span class="kw" title="KeywordTok">public</span> <span class="dt" title="DataTypeTok">static</span> <span class="dt" title="DataTypeTok">boolean</span> <span class="fu" title="FunctionTok">canMakeWord</span>(<span class="bu" title="BuiltInTok">String</span> word, <span class="bu" title="BuiltInTok">String</span><span class="kw" title="KeywordTok">... </span>blocks) {
            <span class="kw" title="KeywordTok">if</span>(word.<span class="fu" title="FunctionTok">length</span>() == <span class="dv" title="DecValTok">0</span>)
                <span class="kw" title="KeywordTok">return</span> <span class="kw" title="KeywordTok">true</span>;
         
            <span class="dt" title="DataTypeTok">char</span> c = <span class="bu" title="BuiltInTok">Character</span>.<span class="fu" title="FunctionTok">toUpperCase</span>(word.<span class="fu" title="FunctionTok">charAt</span>(<span class="dv" title="DecValTok">0</span>));
            <span class="kw" title="KeywordTok">for</span>(<span class="dt" title="DataTypeTok">int</span> i = <span class="dv" title="DecValTok">0</span>; i &lt; blocks.<span class="fu" title="FunctionTok">length</span>; i++) {
                <span class="bu" title="BuiltInTok">String</span> b = blocks[i];
                <span class="kw" title="KeywordTok">if</span>(<span class="bu" title="BuiltInTok">Character</span>.<span class="fu" title="FunctionTok">toUpperCase</span>(b.<span class="fu" title="FunctionTok">charAt</span>(<span class="dv" title="DecValTok">0</span>)) != c &amp;&amp; <span class="bu" title="BuiltInTok">Character</span>.<span class="fu" title="FunctionTok">toUpperCase</span>(b.<span class="fu" title="FunctionTok">charAt</span>(<span class="dv" title="DecValTok">1</span>)) != c)
                    <span class="kw" title="KeywordTok">continue</span>;
                <span class="fu" title="FunctionTok">swap</span>(<span class="dv" title="DecValTok">0</span>, i, blocks);
                <span class="kw" title="KeywordTok">if</span>(<span class="fu" title="FunctionTok">canMakeWord</span>(word.<span class="fu" title="FunctionTok">substring</span>(<span class="dv" title="DecValTok">1</span>), <span class="bu" title="BuiltInTok">Arrays</span>.<span class="fu" title="FunctionTok">copyOfRange</span>(blocks, <span class="dv" title="DecValTok">1</span>, blocks.<span class="fu" title="FunctionTok">length</span>)))
                    <span class="kw" title="KeywordTok">return</span> <span class="kw" title="KeywordTok">true</span>;
                <span class="fu" title="FunctionTok">swap</span>(<span class="dv" title="DecValTok">0</span>, i, blocks);
            }
         
            <span class="kw" title="KeywordTok">return</span> <span class="kw" title="KeywordTok">false</span>;
        }
        
        <span class="kw" title="KeywordTok">public</span> <span class="dt" title="DataTypeTok">static</span> <span class="dt" title="DataTypeTok">void</span> <span class="fu" title="FunctionTok">main</span>(<span class="bu" title="BuiltInTok">String</span>[] args){
                <span class="bu" title="BuiltInTok">String</span>[] blocks = {<span class="st" title="StringTok">&quot;BO&quot;</span>, <span class="st" title="StringTok">&quot;XK&quot;</span>, <span class="st" title="StringTok">&quot;DQ&quot;</span>, <span class="st" title="StringTok">&quot;CP&quot;</span>, <span class="st" title="StringTok">&quot;NA&quot;</span>, 
                                <span class="st" title="StringTok">&quot;GT&quot;</span>, <span class="st" title="StringTok">&quot;RE&quot;</span>, <span class="st" title="StringTok">&quot;TG&quot;</span>, <span class="st" title="StringTok">&quot;QD&quot;</span>, <span class="st" title="StringTok">&quot;FS&quot;</span>, 
                                <span class="st" title="StringTok">&quot;JW&quot;</span>, <span class="st" title="StringTok">&quot;HU&quot;</span>, <span class="st" title="StringTok">&quot;VI&quot;</span>, <span class="st" title="StringTok">&quot;AN&quot;</span>, <span class="st" title="StringTok">&quot;OB&quot;</span>, 
                                <span class="st" title="StringTok">&quot;ER&quot;</span>, <span class="st" title="StringTok">&quot;FS&quot;</span>, <span class="st" title="StringTok">&quot;LY&quot;</span>, <span class="st" title="StringTok">&quot;PC&quot;</span>, <span class="st" title="StringTok">&quot;ZM&quot;</span>};

                <span class="bu" title="BuiltInTok">System</span>.<span class="fu" title="FunctionTok">out</span>.<span class="fu" title="FunctionTok">println</span>(<span class="st" title="StringTok">&quot;</span><span class="sc" title="SpecialCharTok">\&quot;\&quot;</span><span class="st" title="StringTok">: &quot;</span> + <span class="fu" title="FunctionTok">canMakeWord</span>(<span class="st" title="StringTok">&quot;&quot;</span>, blocks));
                <span class="bu" title="BuiltInTok">System</span>.<span class="fu" title="FunctionTok">out</span>.<span class="fu" title="FunctionTok">println</span>(<span class="st" title="StringTok">&quot;A: &quot;</span> + <span class="fu" title="FunctionTok">canMakeWord</span>(<span class="st" title="StringTok">&quot;A&quot;</span>, blocks));
                <span class="bu" title="BuiltInTok">System</span>.<span class="fu" title="FunctionTok">out</span>.<span class="fu" title="FunctionTok">println</span>(<span class="st" title="StringTok">&quot;BARK: &quot;</span> + <span class="fu" title="FunctionTok">canMakeWord</span>(<span class="st" title="StringTok">&quot;BARK&quot;</span>, blocks));
                <span class="bu" title="BuiltInTok">System</span>.<span class="fu" title="FunctionTok">out</span>.<span class="fu" title="FunctionTok">println</span>(<span class="st" title="StringTok">&quot;book: &quot;</span> + <span class="fu" title="FunctionTok">canMakeWord</span>(<span class="st" title="StringTok">&quot;book&quot;</span>, blocks));
                <span class="bu" title="BuiltInTok">System</span>.<span class="fu" title="FunctionTok">out</span>.<span class="fu" title="FunctionTok">println</span>(<span class="st" title="StringTok">&quot;treat: &quot;</span> + <span class="fu" title="FunctionTok">canMakeWord</span>(<span class="st" title="StringTok">&quot;treat&quot;</span>, blocks));
                <span class="bu" title="BuiltInTok">System</span>.<span class="fu" title="FunctionTok">out</span>.<span class="fu" title="FunctionTok">println</span>(<span class="st" title="StringTok">&quot;COMMON: &quot;</span> + <span class="fu" title="FunctionTok">canMakeWord</span>(<span class="st" title="StringTok">&quot;COMMON&quot;</span>, blocks));
                <span class="bu" title="BuiltInTok">System</span>.<span class="fu" title="FunctionTok">out</span>.<span class="fu" title="FunctionTok">println</span>(<span class="st" title="StringTok">&quot;SQuAd: &quot;</span> + <span class="fu" title="FunctionTok">canMakeWord</span>(<span class="st" title="StringTok">&quot;SQuAd&quot;</span>, blocks));
                <span class="bu" title="BuiltInTok">System</span>.<span class="fu" title="FunctionTok">out</span>.<span class="fu" title="FunctionTok">println</span>(<span class="st" title="StringTok">&quot;CONFUSE: &quot;</span> + <span class="fu" title="FunctionTok">canMakeWord</span>(<span class="st" title="StringTok">&quot;CONFUSE&quot;</span>, blocks));
                
        }
}</code></pre></div>
