<div class="sourceCode"><pre class="sourceCode"><code class="sourceCode"><span class="kw" title="KeywordTok">let</span> characters <span class="op" title="OperatorTok">=</span> <span class="st" title="StringTok">&quot;BO XK DQ CP NA GT RE TG QD FS JW HU VI AN OB ER FS LY PC ZM&quot;</span><span class="op" title="OperatorTok">;</span>
<span class="kw" title="KeywordTok">let</span> blocks <span class="op" title="OperatorTok">=</span> <span class="va" title="VariableTok">characters</span>.<span class="at" title="AttributeTok">split</span>(<span class="st" title="StringTok">&quot; &quot;</span>).<span class="at" title="AttributeTok">map</span>(pair <span class="op" title="OperatorTok">=&gt;</span> <span class="va" title="VariableTok">pair</span>.<span class="at" title="AttributeTok">split</span>(<span class="st" title="StringTok">&quot;&quot;</span>))<span class="op" title="OperatorTok">;</span>
 
<span class="kw" title="KeywordTok">function</span> <span class="at" title="AttributeTok">isWordPossible</span>(word) <span class="op" title="OperatorTok">{</span>
  <span class="kw" title="KeywordTok">var</span> letters <span class="op" title="OperatorTok">=</span> [...<span class="va" title="VariableTok">word</span>.<span class="at" title="AttributeTok">toUpperCase</span>()]<span class="op" title="OperatorTok">;</span>
  <span class="kw" title="KeywordTok">var</span> length <span class="op" title="OperatorTok">=</span> <span class="va" title="VariableTok">letters</span>.<span class="at" title="AttributeTok">length</span><span class="op" title="OperatorTok">;</span>
  <span class="kw" title="KeywordTok">var</span> copy <span class="op" title="OperatorTok">=</span> <span class="kw" title="KeywordTok">new</span> <span class="at" title="AttributeTok">Set</span>(blocks)<span class="op" title="OperatorTok">;</span>

  <span class="cf" title="ControlFlowTok">for</span> (<span class="kw" title="KeywordTok">let</span> letter of letters) <span class="op" title="OperatorTok">{</span>
    <span class="cf" title="ControlFlowTok">for</span> (<span class="kw" title="KeywordTok">let</span> block of copy) <span class="op" title="OperatorTok">{</span>
      <span class="kw" title="KeywordTok">let</span> index <span class="op" title="OperatorTok">=</span> <span class="va" title="VariableTok">block</span>.<span class="at" title="AttributeTok">indexOf</span>(letter)<span class="op" title="OperatorTok">;</span>
 
      <span class="cf" title="ControlFlowTok">if</span> (index <span class="op" title="OperatorTok">!==</span> <span class="op" title="OperatorTok">-</span><span class="dv" title="DecValTok">1</span>) <span class="op" title="OperatorTok">{</span>
        length<span class="op" title="OperatorTok">--;</span>
        <span class="va" title="VariableTok">copy</span>.<span class="at" title="AttributeTok">delete</span>(block)<span class="op" title="OperatorTok">;</span>
        <span class="cf" title="ControlFlowTok">break</span><span class="op" title="OperatorTok">;</span>  
      <span class="op" title="OperatorTok">}</span>
    <span class="op" title="OperatorTok">}</span>

  <span class="op" title="OperatorTok">}</span>
  <span class="cf" title="ControlFlowTok">return</span> <span class="op" title="OperatorTok">!</span>length<span class="op" title="OperatorTok">;</span>
<span class="op" title="OperatorTok">}</span>    
 
[ 
  <span class="st" title="StringTok">&quot;A&quot;</span><span class="op" title="OperatorTok">,</span> 
  <span class="st" title="StringTok">&quot;BARK&quot;</span><span class="op" title="OperatorTok">,</span> 
  <span class="st" title="StringTok">&quot;BOOK&quot;</span><span class="op" title="OperatorTok">,</span> 
  <span class="st" title="StringTok">&quot;TREAT&quot;</span><span class="op" title="OperatorTok">,</span> 
  <span class="st" title="StringTok">&quot;COMMON&quot;</span><span class="op" title="OperatorTok">,</span> 
  <span class="st" title="StringTok">&quot;SQUAD&quot;</span><span class="op" title="OperatorTok">,</span> 
  <span class="st" title="StringTok">&quot;CONFUSE&quot;</span> 
].<span class="at" title="AttributeTok">forEach</span>(word <span class="op" title="OperatorTok">=&gt;</span> <span class="va" title="VariableTok">console</span>.<span class="at" title="AttributeTok">log</span>(<span class="vs" title="VerbatimStringTok">`</span><span class="sc" title="SpecialCharTok">${</span>word<span class="sc" title="SpecialCharTok">}</span><span class="vs" title="VerbatimStringTok">: </span><span class="sc" title="SpecialCharTok">${</span><span class="at" title="AttributeTok">isWordPossible</span>(word)<span class="sc" title="SpecialCharTok">}</span><span class="vs" title="VerbatimStringTok">`</span>))<span class="op" title="OperatorTok">;</span>
</code></pre></div>
