<div class="sourceCode"><pre class="sourceCode"><code class="sourceCode">words =<span class="ot" title="OtherTok"> %w(</span><span class="st" title="StringTok">A BaRK BOoK tREaT COmMOn SqUAD CoNfuSE</span><span class="ot" title="OtherTok">)</span> &lt;&lt; <span class="st" title="StringTok">&quot;&quot;</span>

words.each <span class="kw" title="KeywordTok">do</span> |word|
  blocks = <span class="st" title="StringTok">&quot;BO XK DQ CP NA GT RE TG QD FS JW HU VI AN OB ER FS LY PC ZM&quot;</span>
  res = word.each_char.all?{|c| blocks.sub!(<span class="ot" title="OtherTok">/\w?#{</span>c<span class="ot" title="OtherTok">}\w?/i</span>, <span class="st" title="StringTok">&quot;&quot;</span>)}  <span class="co" title="CommentTok">#regexps can be interpolated like strings</span>
  puts <span class="st" title="StringTok">&quot;</span><span class="ot" title="OtherTok">#{</span>word.inspect<span class="ot" title="OtherTok">}</span><span class="st" title="StringTok">: </span><span class="ot" title="OtherTok">#{</span>res<span class="ot" title="OtherTok">}</span><span class="st" title="StringTok">&quot;</span>
<span class="kw" title="KeywordTok">end</span>
</code></pre></div></body>
