<div class="sourceCode"><pre class="sourceCode"><code class="sourceCode"><span class="dt">&lt;!DOCTYPE </span>HTML<span class="dt">&gt;</span>
<span class="kw">&lt;html&gt;</span>
<span class="kw">&lt;head&gt;</span>

  <span class="kw">&lt;script</span><span class="ot"> type=</span><span class="st">&quot;text/javascript&quot;</span><span class="kw">&gt;</span>
    <span class="kw">function</span> <span class="at">makeHeaders</span>(colnames) <span class="op">{</span>
      <span class="kw">var</span> str <span class="op">=</span> <span class="st">&quot;&quot;</span><span class="op">;</span>
      <span class="cf">for</span> (<span class="kw">var</span> i <span class="op">=</span> <span class="dv">0</span><span class="op">;</span> i <span class="op">&lt;</span> <span class="va">colnames</span>.<span class="at">length</span><span class="op">;</span> i<span class="op">++</span>) <span class="op">{</span>
        str <span class="op">+=</span> <span class="st">&quot;&lt;th&gt;&quot;</span> <span class="op">+</span> colnames[i] <span class="op">+</span> <span class="st">&quot;&lt;/th&gt;&quot;</span><span class="op">;</span>
      <span class="op">}</span>
      <span class="cf">return</span> (str)<span class="op">;</span>
    <span class="op">}</span>
  <span class="kw">&lt;/script&gt;</span>

  <span class="kw">&lt;script&gt;</span>
    <span class="at">$</span>(document).<span class="at">ready</span>(<span class="kw">function</span>() <span class="op">{</span>
      alert<span class="st">&quot;hello&quot;</span>)<span class="op">;</span>
    <span class="op">}</span>)<span class="op">;</span>
  <span class="kw">&lt;/script&gt;</span>

<span class="kw">&lt;/head&gt;</span>

<span class="kw">&lt;body&gt;</span>

<span class="kw">&lt;/body&gt;</span>

<span class="kw">&lt;/html&gt;</span></code></pre></div>
