<div class="sourceCode"><pre class="sourceCode"><code class="sourceCode"><span class="do">-- life.lua</span>
<span class="do">-- original by Dave Bollinger </span><span class="kw">&lt;DBollinger</span><span class="ot">@compuserve.com</span><span class="kw">&gt;</span><span class="do"> posted to lua-l</span>
<span class="do">-- modified to use ANSI terminal escape sequences</span>
<span class="do">-- modified to use for instead of while</span>

<span class="kw">local</span> <span class="fu">write</span><span class="ot">=</span><span class="fu">io.write</span>

ALIVE<span class="ot">=</span><span class="st">&quot;¥&quot;</span>	DEAD<span class="ot">=</span><span class="st">&quot;þ&quot;</span>
ALIVE<span class="ot">=</span><span class="st">&quot;O&quot;</span>	DEAD<span class="ot">=</span><span class="st">&quot;-&quot;</span>

<span class="kw">function</span> delay<span class="ot">()</span> <span class="do">-- NOTE: SYSTEM-DEPENDENT, adjust as necessary</span>
  <span class="kw">for</span> i<span class="ot">=</span><span class="dv">1</span><span class="ot">,</span><span class="dv">10000</span> <span class="kw">do</span> <span class="kw">end</span>
  <span class="do">-- local i=os.clock()+1 while(os.clock()</span><span class="kw">&lt;i</span><span class="ot">) do end</span>
<span class="kw">end</span>

<span class="kw">function</span> ARRAY2D<span class="ot">(</span>w<span class="ot">,</span>h<span class="ot">)</span>
  <span class="kw">local</span> t <span class="ot">=</span> <span class="ot">{</span>w<span class="ot">=</span>w<span class="ot">,</span>h<span class="ot">=</span>h<span class="ot">}</span>
  <span class="kw">for</span> y<span class="ot">=</span><span class="dv">1</span><span class="ot">,</span>h <span class="kw">do</span>
    t<span class="ot">[</span>y<span class="ot">]</span> <span class="ot">=</span> <span class="ot">{}</span>
    <span class="kw">for</span> x<span class="ot">=</span><span class="dv">1</span><span class="ot">,</span>w <span class="kw">do</span>
      t<span class="ot">[</span>y<span class="ot">][</span>x<span class="ot">]=</span><span class="dv">0</span>
    <span class="kw">end</span>
  <span class="kw">end</span>
  <span class="kw">return</span> t
<span class="kw">end</span>

_CELLS <span class="ot">=</span> <span class="ot">{}</span>

<span class="do">-- give birth to a &quot;shape&quot; within the cell array</span>
<span class="kw">function</span> _CELLS:spawn<span class="ot">(</span>shape<span class="ot">,</span>left<span class="ot">,</span>top<span class="ot">)</span>
  <span class="kw">for</span> y<span class="ot">=</span><span class="dv">0</span><span class="ot">,</span>shape<span class="ot">.</span>h<span class="ot">-</span><span class="dv">1</span> <span class="kw">do</span>
    <span class="kw">for</span> x<span class="ot">=</span><span class="dv">0</span><span class="ot">,</span>shape<span class="ot">.</span>w<span class="ot">-</span><span class="dv">1</span> <span class="kw">do</span>
      self<span class="ot">[</span>top<span class="ot">+</span>y<span class="ot">][</span>left<span class="ot">+</span>x<span class="ot">]</span> <span class="ot">=</span> shape<span class="ot">[</span>y<span class="ot">*</span>shape<span class="ot">.</span>w<span class="ot">+</span>x<span class="ot">+</span><span class="dv">1</span><span class="ot">]</span>
    <span class="kw">end</span>
  <span class="kw">end</span>
<span class="kw">end</span>

<span class="do">-- run the CA and produce the next generation</span>
<span class="kw">function</span> _CELLS:evolve<span class="ot">(</span><span class="fu">next</span><span class="ot">)</span>
  <span class="kw">local</span> ym1<span class="ot">,</span>y<span class="ot">,</span>yp1<span class="ot">,</span>yi<span class="ot">=</span>self<span class="ot">.</span>h<span class="ot">-</span><span class="dv">1</span><span class="ot">,</span>self<span class="ot">.</span>h<span class="ot">,</span><span class="dv">1</span><span class="ot">,</span>self<span class="ot">.</span>h
  <span class="kw">while</span> yi <span class="ot">&gt;</span> <span class="dv">0</span> <span class="kw">do</span>
    <span class="kw">local</span> xm1<span class="ot">,</span>x<span class="ot">,</span>xp1<span class="ot">,</span>xi<span class="ot">=</span>self<span class="ot">.</span>w<span class="ot">-</span><span class="dv">1</span><span class="ot">,</span>self<span class="ot">.</span>w<span class="ot">,</span><span class="dv">1</span><span class="ot">,</span>self<span class="ot">.</span>w
    <span class="kw">while</span> xi <span class="ot">&gt;</span> <span class="dv">0</span> <span class="kw">do</span>
      <span class="kw">local</span> sum <span class="ot">=</span> self<span class="ot">[</span>ym1<span class="ot">][</span>xm1<span class="ot">]</span> <span class="ot">+</span> self<span class="ot">[</span>ym1<span class="ot">][</span>x<span class="ot">]</span> <span class="ot">+</span> self<span class="ot">[</span>ym1<span class="ot">][</span>xp1<span class="ot">]</span> <span class="ot">+</span>
                  self<span class="ot">[</span>y<span class="ot">][</span>xm1<span class="ot">]</span> <span class="ot">+</span> self<span class="ot">[</span>y<span class="ot">][</span>xp1<span class="ot">]</span> <span class="ot">+</span>
                  self<span class="ot">[</span>yp1<span class="ot">][</span>xm1<span class="ot">]</span> <span class="ot">+</span> self<span class="ot">[</span>yp1<span class="ot">][</span>x<span class="ot">]</span> <span class="ot">+</span> self<span class="ot">[</span>yp1<span class="ot">][</span>xp1<span class="ot">]</span>
      <span class="fu">next</span><span class="ot">[</span>y<span class="ot">][</span>x<span class="ot">]</span> <span class="ot">=</span> <span class="ot">((</span>sum<span class="ot">==</span><span class="dv">2</span><span class="ot">)</span> <span class="kw">and</span> self<span class="ot">[</span>y<span class="ot">][</span>x<span class="ot">])</span> <span class="kw">or</span> <span class="ot">((</span>sum<span class="ot">==</span><span class="dv">3</span><span class="ot">)</span> <span class="kw">and</span> <span class="dv">1</span><span class="ot">)</span> <span class="kw">or</span> <span class="dv">0</span>
      xm1<span class="ot">,</span>x<span class="ot">,</span>xp1<span class="ot">,</span>xi <span class="ot">=</span> x<span class="ot">,</span>xp1<span class="ot">,</span>xp1<span class="ot">+</span><span class="dv">1</span><span class="ot">,</span>xi<span class="ot">-</span><span class="dv">1</span>
    <span class="kw">end</span>
    ym1<span class="ot">,</span>y<span class="ot">,</span>yp1<span class="ot">,</span>yi <span class="ot">=</span> y<span class="ot">,</span>yp1<span class="ot">,</span>yp1<span class="ot">+</span><span class="dv">1</span><span class="ot">,</span>yi<span class="ot">-</span><span class="dv">1</span>
  <span class="kw">end</span>
<span class="kw">end</span>

<span class="do">-- output the array to screen</span>
<span class="kw">function</span> _CELLS:draw<span class="ot">()</span>
  <span class="kw">local</span> out<span class="ot">=</span><span class="st">&quot;&quot;</span> <span class="do">-- accumulate to reduce flicker</span>
  <span class="kw">for</span> y<span class="ot">=</span><span class="dv">1</span><span class="ot">,</span>self<span class="ot">.</span>h <span class="kw">do</span>
   <span class="kw">for</span> x<span class="ot">=</span><span class="dv">1</span><span class="ot">,</span>self<span class="ot">.</span>w <span class="kw">do</span>
      out<span class="ot">=</span>out<span class="ot">..(((</span>self<span class="ot">[</span>y<span class="ot">][</span>x<span class="ot">]&gt;</span><span class="dv">0</span><span class="ot">)</span> <span class="kw">and</span> ALIVE<span class="ot">)</span> <span class="kw">or</span> DEAD<span class="ot">)</span>
    <span class="kw">end</span>
    out<span class="ot">=</span>out<span class="ot">..</span><span class="st">&quot;</span><span class="ot">\n</span><span class="st">&quot;</span>
  <span class="kw">end</span>
  <span class="fu">write</span><span class="ot">(</span>out<span class="ot">)</span>
<span class="kw">end</span>

<span class="do">-- constructor</span>
<span class="kw">function</span> CELLS<span class="ot">(</span>w<span class="ot">,</span>h<span class="ot">)</span>
  <span class="kw">local</span> c <span class="ot">=</span> ARRAY2D<span class="ot">(</span>w<span class="ot">,</span>h<span class="ot">)</span>
  c<span class="ot">.</span>spawn <span class="ot">=</span> _CELLS<span class="ot">.</span>spawn
  c<span class="ot">.</span>evolve <span class="ot">=</span> _CELLS<span class="ot">.</span>evolve
  c<span class="ot">.</span>draw <span class="ot">=</span> _CELLS<span class="ot">.</span>draw
  <span class="kw">return</span> c
<span class="kw">end</span>

<span class="do">--</span>
<span class="do">-- shapes suitable for use with spawn() above</span>
<span class="do">--</span>
HEART <span class="ot">=</span> <span class="ot">{</span> <span class="dv">1</span><span class="ot">,</span><span class="dv">0</span><span class="ot">,</span><span class="dv">1</span><span class="ot">,</span><span class="dv">1</span><span class="ot">,</span><span class="dv">0</span><span class="ot">,</span><span class="dv">1</span><span class="ot">,</span><span class="dv">1</span><span class="ot">,</span><span class="dv">1</span><span class="ot">,</span><span class="dv">1</span><span class="ot">;</span> w<span class="ot">=</span><span class="dv">3</span><span class="ot">,</span>h<span class="ot">=</span><span class="dv">3</span> <span class="ot">}</span>
GLIDER <span class="ot">=</span> <span class="ot">{</span> <span class="dv">0</span><span class="ot">,</span><span class="dv">0</span><span class="ot">,</span><span class="dv">1</span><span class="ot">,</span><span class="dv">1</span><span class="ot">,</span><span class="dv">0</span><span class="ot">,</span><span class="dv">1</span><span class="ot">,</span><span class="dv">0</span><span class="ot">,</span><span class="dv">1</span><span class="ot">,</span><span class="dv">1</span><span class="ot">;</span> w<span class="ot">=</span><span class="dv">3</span><span class="ot">,</span>h<span class="ot">=</span><span class="dv">3</span> <span class="ot">}</span>
EXPLODE <span class="ot">=</span> <span class="ot">{</span> <span class="dv">0</span><span class="ot">,</span><span class="dv">1</span><span class="ot">,</span><span class="dv">0</span><span class="ot">,</span><span class="dv">1</span><span class="ot">,</span><span class="dv">1</span><span class="ot">,</span><span class="dv">1</span><span class="ot">,</span><span class="dv">1</span><span class="ot">,</span><span class="dv">0</span><span class="ot">,</span><span class="dv">1</span><span class="ot">,</span><span class="dv">0</span><span class="ot">,</span><span class="dv">1</span><span class="ot">,</span><span class="dv">0</span><span class="ot">;</span> w<span class="ot">=</span><span class="dv">3</span><span class="ot">,</span>h<span class="ot">=</span><span class="dv">4</span> <span class="ot">}</span>
FISH <span class="ot">=</span> <span class="ot">{</span> <span class="dv">0</span><span class="ot">,</span><span class="dv">1</span><span class="ot">,</span><span class="dv">1</span><span class="ot">,</span><span class="dv">1</span><span class="ot">,</span><span class="dv">1</span><span class="ot">,</span><span class="dv">1</span><span class="ot">,</span><span class="dv">0</span><span class="ot">,</span><span class="dv">0</span><span class="ot">,</span><span class="dv">0</span><span class="ot">,</span><span class="dv">1</span><span class="ot">,</span><span class="dv">0</span><span class="ot">,</span><span class="dv">0</span><span class="ot">,</span><span class="dv">0</span><span class="ot">,</span><span class="dv">0</span><span class="ot">,</span><span class="dv">1</span><span class="ot">,</span><span class="dv">1</span><span class="ot">,</span><span class="dv">0</span><span class="ot">,</span><span class="dv">0</span><span class="ot">,</span><span class="dv">1</span><span class="ot">,</span><span class="dv">0</span><span class="ot">;</span> w<span class="ot">=</span><span class="dv">5</span><span class="ot">,</span>h<span class="ot">=</span><span class="dv">4</span> <span class="ot">}</span>
BUTTERFLY <span class="ot">=</span> <span class="ot">{</span> <span class="dv">1</span><span class="ot">,</span><span class="dv">0</span><span class="ot">,</span><span class="dv">0</span><span class="ot">,</span><span class="dv">0</span><span class="ot">,</span><span class="dv">1</span><span class="ot">,</span><span class="dv">0</span><span class="ot">,</span><span class="dv">1</span><span class="ot">,</span><span class="dv">1</span><span class="ot">,</span><span class="dv">1</span><span class="ot">,</span><span class="dv">0</span><span class="ot">,</span><span class="dv">1</span><span class="ot">,</span><span class="dv">0</span><span class="ot">,</span><span class="dv">0</span><span class="ot">,</span><span class="dv">0</span><span class="ot">,</span><span class="dv">1</span><span class="ot">,</span><span class="dv">1</span><span class="ot">,</span><span class="dv">0</span><span class="ot">,</span><span class="dv">1</span><span class="ot">,</span><span class="dv">0</span><span class="ot">,</span><span class="dv">1</span><span class="ot">,</span><span class="dv">1</span><span class="ot">,</span><span class="dv">0</span><span class="ot">,</span><span class="dv">0</span><span class="ot">,</span><span class="dv">0</span><span class="ot">,</span><span class="dv">1</span><span class="ot">;</span> w<span class="ot">=</span><span class="dv">5</span><span class="ot">,</span>h<span class="ot">=</span><span class="dv">5</span> <span class="ot">}</span>

<span class="do">-- the main routine</span>
<span class="kw">function</span> LIFE<span class="ot">(</span>w<span class="ot">,</span>h<span class="ot">)</span>
  <span class="do">-- create two arrays</span>
  <span class="kw">local</span> thisgen <span class="ot">=</span> CELLS<span class="ot">(</span>w<span class="ot">,</span>h<span class="ot">)</span>
  <span class="kw">local</span> nextgen <span class="ot">=</span> CELLS<span class="ot">(</span>w<span class="ot">,</span>h<span class="ot">)</span>

  <span class="do">-- create some life</span>
  <span class="do">-- about 1000 generations of fun, then a glider steady-state</span>
  thisgen:spawn<span class="ot">(</span>GLIDER<span class="ot">,</span><span class="dv">5</span><span class="ot">,</span><span class="dv">4</span><span class="ot">)</span>
  thisgen:spawn<span class="ot">(</span>EXPLODE<span class="ot">,</span><span class="dv">25</span><span class="ot">,</span><span class="dv">10</span><span class="ot">)</span>
  thisgen:spawn<span class="ot">(</span>FISH<span class="ot">,</span><span class="dv">4</span><span class="ot">,</span><span class="dv">12</span><span class="ot">)</span>

  <span class="do">-- run until break</span>
  <span class="kw">local</span> gen<span class="ot">=</span><span class="dv">1</span>
  <span class="fu">write</span><span class="ot">(</span><span class="st">&quot;\027[2J&quot;</span><span class="ot">)</span>	<span class="do">-- ANSI clear screen</span>
  <span class="kw">while</span> <span class="dv">1</span> <span class="kw">do</span>
    thisgen:evolve<span class="ot">(</span>nextgen<span class="ot">)</span>
    thisgen<span class="ot">,</span>nextgen <span class="ot">=</span> nextgen<span class="ot">,</span>thisgen
    <span class="fu">write</span><span class="ot">(</span><span class="st">&quot;\027[H&quot;</span><span class="ot">)</span>	<span class="do">-- ANSI home cursor</span>
    thisgen:draw<span class="ot">()</span>
    <span class="fu">write</span><span class="ot">(</span><span class="st">&quot;Life - generation &quot;</span><span class="ot">,</span>gen<span class="ot">,</span><span class="st">&quot;</span><span class="ot">\n</span><span class="st">&quot;</span><span class="ot">)</span>
    gen<span class="ot">=</span>gen<span class="ot">+</span><span class="dv">1</span>
    <span class="kw">if</span> gen<span class="ot">&gt;</span><span class="dv">2000</span> <span class="kw">then</span> <span class="kw">break</span> <span class="kw">end</span>
    <span class="do">--delay()		-- no delay</span>
  <span class="kw">end</span>
<span class="kw">end</span>

LIFE<span class="ot">(</span><span class="dv">40</span><span class="ot">,</span><span class="dv">20</span><span class="ot">)</span></code></pre></div>
